// Jest Snapshot v1, https://goo.gl/fbAQLP

exports[`Countdown container initial renders properly 1`] = `ShallowWrapper {}`;
