// Jest Snapshot v1, https://goo.gl/fbAQLP

exports[`ViewTimer component initial renders properly 1`] = `ShallowWrapper {}`;
